---
source: crates/oxc_linter/src/tester.rs
---
  ⚠ eslint(no-unassigned-vars): 'status' is always 'undefined' because it's never assigned.
   ╭─[no_unassigned_vars.tsx:2:17]
 1 │ 
 2 │             let status;
   ·                 ──────
 3 │             if (status === 'ready') {
   ╰────
  help: Variable declared without assignment. Either assign a value or remove the declaration.

  ⚠ eslint(no-unassigned-vars): 'user' is always 'undefined' because it's never assigned.
   ╭─[no_unassigned_vars.tsx:7:17]
 6 │ 
 7 │             let user;
   ·                 ────
 8 │             greet(user);
   ╰────
  help: Variable declared without assignment. Either assign a value or remove the declaration.

  ⚠ eslint(no-unassigned-vars): 'error' is always 'undefined' because it's never assigned.
    ╭─[no_unassigned_vars.tsx:11:21]
 10 │             function test() {
 11 │                 let error;
    ·                     ─────
 12 │                 return error || 'Unknown error';
    ╰────
  help: Variable declared without assignment. Either assign a value or remove the declaration.

  ⚠ eslint(no-unassigned-vars): 'options' is always 'undefined' because it's never assigned.
    ╭─[no_unassigned_vars.tsx:15:17]
 14 │ 
 15 │             let options;
    ·                 ───────
 16 │             const { debug } = options || {};
    ╰────
  help: Variable declared without assignment. Either assign a value or remove the declaration.

  ⚠ eslint(no-unassigned-vars): 'flag' is always 'undefined' because it's never assigned.
    ╭─[no_unassigned_vars.tsx:18:17]
 17 │ 
 18 │             let flag;
    ·                 ────
 19 │             while (!flag) {
    ╰────
  help: Variable declared without assignment. Either assign a value or remove the declaration.

  ⚠ eslint(no-unassigned-vars): 'config' is always 'undefined' because it's never assigned.
    ╭─[no_unassigned_vars.tsx:23:17]
 22 │ 
 23 │             let config;
    ·                 ──────
 24 │             function init() {
    ╰────
  help: Variable declared without assignment. Either assign a value or remove the declaration.

  ⚠ eslint(no-unassigned-vars): 'x' is always 'undefined' because it's never assigned.
   ╭─[no_unassigned_vars.tsx:1:5]
 1 │ let x; let a = x, b; console.log(x, a, b);
   ·     ─
   ╰────
  help: Variable declared without assignment. Either assign a value or remove the declaration.

  ⚠ eslint(no-unassigned-vars): 'b' is always 'undefined' because it's never assigned.
   ╭─[no_unassigned_vars.tsx:1:19]
 1 │ let x; let a = x, b; console.log(x, a, b);
   ·                   ─
   ╰────
  help: Variable declared without assignment. Either assign a value or remove the declaration.

  ⚠ eslint(no-unassigned-vars): 'one' is always 'undefined' because it's never assigned.
   ╭─[no_unassigned_vars.tsx:1:28]
 1 │ const foo = (two) => { let one; if (one === two) {} }
   ·                            ───
   ╰────
  help: Variable declared without assignment. Either assign a value or remove the declaration.

  ⚠ eslint(no-unassigned-vars): 'error' is always 'undefined' because it's never assigned.
   ╭─[no_unassigned_vars.tsx:1:23]
 1 │ function test() { let error; return error || 'Unknown error'; }
   ·                       ─────
   ╰────
  help: Variable declared without assignment. Either assign a value or remove the declaration.

  ⚠ eslint(no-unassigned-vars): 'options' is always 'undefined' because it's never assigned.
   ╭─[no_unassigned_vars.tsx:1:5]
 1 │ let options; const { debug } = options || {};
   ·     ───────
   ╰────
  help: Variable declared without assignment. Either assign a value or remove the declaration.

  ⚠ eslint(no-unassigned-vars): 'flag' is always 'undefined' because it's never assigned.
   ╭─[no_unassigned_vars.tsx:1:5]
 1 │ let flag; while (!flag) { }
   ·     ────
   ╰────
  help: Variable declared without assignment. Either assign a value or remove the declaration.

  ⚠ eslint(no-unassigned-vars): 'config' is always 'undefined' because it's never assigned.
   ╭─[no_unassigned_vars.tsx:1:5]
 1 │ let config; function init() { return config?.enabled; }
   ·     ──────
   ╰────
  help: Variable declared without assignment. Either assign a value or remove the declaration.

  ⚠ eslint(no-unassigned-vars): 'z' is always 'undefined' because it's never assigned.
   ╭─[no_unassigned_vars.tsx:1:5]
 1 │ let z: number | undefined; console.log(z);
   ·     ─────────────────────
   ╰────
  help: Variable declared without assignment. Either assign a value or remove the declaration.

  ⚠ eslint(no-unassigned-vars): 'one' is always 'undefined' because it's never assigned.
   ╭─[no_unassigned_vars.tsx:1:42]
 1 │ const foo = (two: string): void => { let one: string | undefined; if (one === two) {} }
   ·                                          ───────────────────────
   ╰────
  help: Variable declared without assignment. Either assign a value or remove the declaration.
