---
source: apps/oxlint/src/tester.rs
---
########## 
arguments: --type-aware no-floating-promises
working directory: fixtures/tsgolint
----------
Error running tsgolint: "Failed to spawn tsgolint from path `tsgolint`, with error: No such file or directory (os error 2)"----------
CLI result: TsGoLintError
----------
