File                       | File size      || Sys allocs     | Sys reallocs   || Arena allocs   | Arena reallocs | Arena bytes    
-------------------------------------------------------------------------------------------------------------------------------------------
checker.ts                 | 2.92 MB        ||         100524 |          15486 ||         152861 |          29447 | 5.609 MB      

cal.com.tsx                | 1.06 MB        ||          52008 |           2586 ||          40221 |           4695 | 1.667 MB      

RadixUIAdoptionSection.jsx | 2.52 kB        ||             87 |              4 ||             20 |              6 | 688 B         

pdf.mjs                    | 567.30 kB      ||          19647 |           2899 ||          47435 |           7813 | 1.628 MB      

antd.js                    | 4.12 MB        ||         117743 |          15151 ||         275692 |          60674 | 14.776 MB     

binder.ts                  | 193.08 kB      ||           6267 |           1095 ||           6999 |            833 | 199.952 kB    

