transformer_misc Summary:
AST Parsed     : 44/44 (100.00%)
Positive Passed: 44/44 (100.00%)
